// Jest Snapshot v1, https://goo.gl/fbAQLP

exports[`Component HelloWorld renders without crashing 1`] = `
<DocumentFragment>
  <div
    class="hello-world"
  >
    Hello World!
  </div>
</DocumentFragment>
`;
