// Jest Snapshot v1, https://goo.gl/fbAQLP

exports[`Component Routes renders without crashing 1`] = `
<DocumentFragment>
  <div
    data-testid="home"
  />
</DocumentFragment>
`;
